MM> READ "anatomy-bad2.mm"
Reading source file "anatomy-bad2.mm"... 696 bytes
696 bytes were read into the source buffer.
The source has 8 statements; 1 are $a and 1 are $p.
No errors were found.  However, proofs were not checked.  Type VERIFY PROOF *
if you want to check them.
MM> Continuous scrolling is now in effect.
MM> 0 10%  20%  30%  40%  50%  60%  70%  80%  90% 100%
..................................................
?Error on line 29 of file "anatomy-bad2.mm" at statement 8, label "wnew", type
"$p":
wnew $p wff ( s -> ( r -> p ) ) $= ws wr wp w2 $.
                                            ^^
After proof step 4 (the last step), the RPN stack contains 2 entries: "ws"
(step 1) and  "w2" (step 4).  It should contain exactly one entry.

