MM> READ "big-unifier-bad1.mm"
Reading source file "big-unifier-bad1.mm"... 3369 bytes
3369 bytes were read into the source buffer.
The source has 28 statements; 4 are $a and 1 are $p.
No errors were found.  However, proofs were not checked.  Type VERIFY PROOF *
if you want to check them.
MM> Continuous scrolling is now in effect.
MM> 0 10%  20%  30%  40%  50%  60%  70%  80%  90% 100%
..................................................
?Error on line 68 of file "big-unifier-bad1.mm" at statement 28, label
"theorem1", type "$p":
   FFZMPAFFZFPFQPFZFLRFFLNKMJAJNQPLAPGPMKBADCEOARLIH $.
                                                  ^
The hypotheses of statement "ax-mp" at proof step 82 cannot be unified.
  Hypothesis 1:  wff x
  Step 78:  wff e ( e ( e ( x , e ( y , e ( e ( e ( y , z ) , e ( u , z ) ) , u
) ) ) , e ( e ( e ( e ( x , e ( y , e ( e ( e ( y , z ) , e ( u , z ) ) , u ) )
) , e ( e ( e ( e ( x , e ( y , e ( e ( e ( y , z ) , e ( u , z ) ) , u ) ) ) ,
v ) , e ( x , v ) ) , x ) ) , e ( e ( y , e ( e ( e ( y , z ) , e ( u , z ) ) ,
u ) ) , e ( e ( e ( e ( x , e ( y , e ( e ( e ( y , z ) , e ( u , z ) ) , u ) )
) , v ) , e ( x , v ) ) , x ) ) ) , e ( y , e ( e ( e ( y , z ) , e ( u , z ) )
, u ) ) ) ) , e ( e ( e ( x , e ( y , e ( e ( e ( y , z ) , e ( u , z ) ) , u )
) ) , e ( e ( e ( e ( x , e ( y , e ( e ( e ( y , z ) , e ( u , z ) ) , u ) ) )
, v ) , e ( x , v ) ) , x ) ) , e ( e ( y , e ( e ( e ( y , z ) , e ( u , z ) )
, u ) ) , e ( e ( e ( e ( x , e ( y , e ( e ( e ( y , z ) , e ( u , z ) ) , u )
) ) , v ) , e ( x , v ) ) , x ) ) ) )
  Hypothesis 2:  wff y
  Step 79:  wff x
  Hypothesis 3:  |- x
  Step 80:  wff e ( e ( e ( e ( e ( e ( x , e ( y , e ( e ( e ( y , z ) , e ( u
, z ) ) , u ) ) ) , v ) , e ( x , v ) ) , x ) , e ( e ( e ( e ( e ( e ( x , e (
y , e ( e ( e ( y , z ) , e ( u , z ) ) , u ) ) ) , e ( e ( e ( e ( x , e ( y ,
e ( e ( e ( y , z ) , e ( u , z ) ) , u ) ) ) , v ) , e ( x , v ) ) , x ) ) , e
( e ( y , e ( e ( e ( y , z ) , e ( u , z ) ) , u ) ) , e ( e ( e ( e ( x , e (
y , e ( e ( e ( y , z ) , e ( u , z ) ) , u ) ) ) , v ) , e ( x , v ) ) , x ) )
) , e ( e ( e ( x , e ( y , e ( e ( e ( y , z ) , e ( u , z ) ) , u ) ) ) , e (
e ( e ( e ( x , e ( y , e ( e ( e ( y , z ) , e ( u , z ) ) , u ) ) ) , e ( e (
e ( e ( x , e ( y , e ( e ( e ( y , z ) , e ( u , z ) ) , u ) ) ) , v ) , e ( x
, v ) ) , x ) ) , e ( e ( y , e ( e ( e ( y , z ) , e ( u , z ) ) , u ) ) , e (
e ( e ( e ( x , e ( y , e ( e ( e ( y , z ) , e ( u , z ) ) , u ) ) ) , v ) , e
( x , v ) ) , x ) ) ) , e ( y , e ( e ( e ( y , z ) , e ( u , z ) ) , u ) ) ) )
, e ( e ( e ( x , e ( y , e ( e ( e ( y , z ) , e ( u , z ) ) , u ) ) ) , e ( e
( e ( e ( x , e ( y , e ( e ( e ( y , z ) , e ( u , z ) ) , u ) ) ) , v ) , e (
x , v ) ) , x ) ) , e ( e ( y , e ( e ( e ( y , z ) , e ( u , z ) ) , u ) ) , e
( e ( e ( e ( x , e ( y , e ( e ( e ( y , z ) , e ( u , z ) ) , u ) ) ) , v ) ,
e ( x , v ) ) , x ) ) ) ) ) , e ( x , e ( e ( e ( x , e ( y , e ( e ( e ( y , z
) , e ( u , z ) ) , u ) ) ) , e ( e ( e ( e ( x , e ( y , e ( e ( e ( y , z ) ,
e ( u , z ) ) , u ) ) ) , e ( e ( e ( e ( x , e ( y , e ( e ( e ( y , z ) , e (
u , z ) ) , u ) ) ) , v ) , e ( x , v ) ) , x ) ) , e ( e ( y , e ( e ( e ( y ,
z ) , e ( u , z ) ) , u ) ) , e ( e ( e ( e ( x , e ( y , e ( e ( e ( y , z ) ,
e ( u , z ) ) , u ) ) ) , v ) , e ( x , v ) ) , x ) ) ) , e ( y , e ( e ( e ( y
, z ) , e ( u , z ) ) , u ) ) ) ) , e ( e ( e ( x , e ( y , e ( e ( e ( y , z )
, e ( u , z ) ) , u ) ) ) , e ( e ( e ( e ( x , e ( y , e ( e ( e ( y , z ) , e
( u , z ) ) , u ) ) ) , v ) , e ( x , v ) ) , x ) ) , e ( e ( y , e ( e ( e ( y
, z ) , e ( u , z ) ) , u ) ) , e ( e ( e ( e ( x , e ( y , e ( e ( e ( y , z )
, e ( u , z ) ) , u ) ) ) , v ) , e ( x , v ) ) , x ) ) ) ) ) ) , x ) ) , e ( e
( e ( e ( e ( x , e ( y , e ( e ( e ( y , z ) , e ( u , z ) ) , u ) ) ) , e ( e
( e ( e ( x , e ( y , e ( e ( e ( y , z ) , e ( u , z ) ) , u ) ) ) , v ) , e (
x , v ) ) , x ) ) , e ( e ( y , e ( e ( e ( y , z ) , e ( u , z ) ) , u ) ) , e
( e ( e ( e ( x , e ( y , e ( e ( e ( y , z ) , e ( u , z ) ) , u ) ) ) , v ) ,
e ( x , v ) ) , x ) ) ) , e ( e ( e ( x , e ( y , e ( e ( e ( y , z ) , e ( u ,
z ) ) , u ) ) ) , e ( e ( e ( e ( x , e ( y , e ( e ( e ( y , z ) , e ( u , z )
) , u ) ) ) , e ( e ( e ( e ( x , e ( y , e ( e ( e ( y , z ) , e ( u , z ) ) ,
u ) ) ) , v ) , e ( x , v ) ) , x ) ) , e ( e ( y , e ( e ( e ( y , z ) , e ( u
, z ) ) , u ) ) , e ( e ( e ( e ( x , e ( y , e ( e ( e ( y , z ) , e ( u , z )
) , u ) ) ) , v ) , e ( x , v ) ) , x ) ) ) , e ( y , e ( e ( e ( y , z ) , e (
u , z ) ) , u ) ) ) ) , e ( e ( e ( x , e ( y , e ( e ( e ( y , z ) , e ( u , z
) ) , u ) ) ) , e ( e ( e ( e ( x , e ( y , e ( e ( e ( y , z ) , e ( u , z ) )
, u ) ) ) , v ) , e ( x , v ) ) , x ) ) , e ( e ( y , e ( e ( e ( y , z ) , e (
u , z ) ) , u ) ) , e ( e ( e ( e ( x , e ( y , e ( e ( e ( y , z ) , e ( u , z
) ) , u ) ) ) , v ) , e ( x , v ) ) , x ) ) ) ) ) , e ( x , e ( e ( e ( x , e (
y , e ( e ( e ( y , z ) , e ( u , z ) ) , u ) ) ) , e ( e ( e ( e ( x , e ( y ,
e ( e ( e ( y , z ) , e ( u , z ) ) , u ) ) ) , e ( e ( e ( e ( x , e ( y , e (
e ( e ( y , z ) , e ( u , z ) ) , u ) ) ) , v ) , e ( x , v ) ) , x ) ) , e ( e
( y , e ( e ( e ( y , z ) , e ( u , z ) ) , u ) ) , e ( e ( e ( e ( x , e ( y ,
e ( e ( e ( y , z ) , e ( u , z ) ) , u ) ) ) , v ) , e ( x , v ) ) , x ) ) ) ,
e ( y , e ( e ( e ( y , z ) , e ( u , z ) ) , u ) ) ) ) , e ( e ( e ( x , e ( y
, e ( e ( e ( y , z ) , e ( u , z ) ) , u ) ) ) , e ( e ( e ( e ( x , e ( y , e
( e ( e ( y , z ) , e ( u , z ) ) , u ) ) ) , v ) , e ( x , v ) ) , x ) ) , e (
e ( y , e ( e ( e ( y , z ) , e ( u , z ) ) , u ) ) , e ( e ( e ( e ( x , e ( y
, e ( e ( e ( y , z ) , e ( u , z ) ) , u ) ) ) , v ) , e ( x , v ) ) , x ) ) )
) ) ) )
  Hypothesis 4:  |- e ( x , y )
  Step 81:  wff e ( e ( e ( x , e ( y , e ( e ( e ( y , z ) , e ( u , z ) ) , u
) ) ) , v ) , e ( x , v ) )

