MM> READ "demo0-includer.mm"
Reading source file "demo0-includer.mm"... 520 bytes
Reading included file "demo0-includee.mm"... 1145 bytes
1711 bytes were read into the source buffer.
The source has 19 statements; 7 are $a and 1 are $p.
No errors were found.  However, proofs were not checked.  Type VERIFY PROOF *
if you want to check them.
MM> Continuous scrolling is now in effect.
MM> 0 10%  20%  30%  40%  50%  60%  70%  80%  90% 100%
..................................................
All proofs in the database were verified.
