MM> READ "demo0-bad1.mm"
Reading source file "demo0-bad1.mm"... 1353 bytes
1353 bytes were read into the source buffer.
The source has 19 statements; 7 are $a and 1 are $p.
No errors were found.  However, proofs were not checked.  Type VERIFY PROOF *
if you want to check them.
MM> Continuous scrolling is now in effect.
MM> 0 10%  20%  30%  40%  50%  60%  70%  80%  90% 100%
..................................................
?Error on line 50 of file "demo0-bad1.mm" at statement 19, label "th1", type
"$p":
       tt tze tpl tt tt a1 mp mp
                              ^^
The hypotheses of statement "mp" at proof step 34 cannot be unified.
  Hypothesis 1:  wff P
  Step 5:  wff t = ( 0 + t )
  Hypothesis 2:  wff Q
  Step 8:  wff t = t
  Hypothesis 3:  |- P
  Step 10:  |- ( t + 0 ) = t
  Hypothesis 4:  |- ( P -> Q )
  Step 33:  |- ( ( t + 0 ) = t -> t = t )

