Metamath - Version 0.199.pre 7-Aug-2021       Type HELP for help, EXIT to exit.
MM> EXIT
