MM> READ "verify_markup_1.mm"
Reading source file "verify_markup_1.mm"... 196 bytes
196 bytes were read into the source buffer.
The source has 4 statements; 0 are $a and 1 are $p.
No errors were found.  However, proofs were not checked.  Type VERIFY PROOF *
if you want to check them.
MM> Continuous scrolling is now in effect.
MM> Checking statement label conventions...
Checking latexdef, htmldef, althtmldef...
Checking statement comments...
?Warning: There is no "(Contributed by...)" in the comment above statement 4,
    label "ok".
Checking section header comments...
Checking bibliographic references...
Checking mathbox independence...
