MM> READ "verify_markup_t_empty.mm"
Reading source file "verify_markup_t_empty.mm"... 9 bytes
9 bytes were read into the source buffer.
The source has 0 statements; 0 are $a and 0 are $p.
No errors were found.  However, proofs were not checked.  Type VERIFY PROOF *
if you want to check them.
MM> Continuous scrolling is now in effect.
MM> Checking statement label conventions...
Checking latexdef, htmldef, althtmldef...
Checking statement comments...
Checking section header comments...
Checking bibliographic references...
Checking mathbox independence...
No errors were found.
